
> nigerian-law-tech@1.0.0 build
> next build

  Γû▓ Next.js 14.2.35
  - Environments: .env.local

   Creating an optimized production build ...
node.exe : <w> [webpack
.cache.PackFileCacheStr
ategy] Serializing big 
strings (130kiB) 
impacts 
deserialization 
performance (consider 
using Buffer instead 
and decode when needed)
At line:1 char:1
+ & "C:\Program 
Files\nodejs/node.exe" 
"C:\Program 
Files\nodejs/node_mo 
...
+ ~~~~~~~~~~~~~~~~~~~~~
~~~~~~~~~~~~~~~~~~~~~~~
~~~~~~~~~~~~~~~~~~~~~~~
~~
    + CategoryInfo     
         : NotSpecifi  
  ed: (<w> [webpack.   
 ca...de when neede    
d):String) [], Rem    
oteException
    + FullyQualifiedEr 
   rorId : NativeComm  
  andError
 
 Γ£ô Compiled successfully
   Linting and checking validity of types ...
   Collecting page data ...
   Generating static pages (0/42) ...
   Generating static pages (10/42) 
   Generating static pages (20/42) 
   Generating static pages (31/42) 
 Γ£ô Generating static pages (42/42)
   Finalizing page optimization ...
   Collecting build traces ...

Route (app)                              Size     First Load JS
Γöî Γùï /                                    10 kB           207 kB
Γö£ Γùï /_not-found                          876 B          88.5 kB
Γö£ Γùï /about                               1.54 kB         199 kB
Γö£ Γùï /admin                               5.36 kB         207 kB
Γö£ ╞Æ /api/auth/password-reset-complete    0 B                0 B
Γö£ ╞Æ /api/auth/resend-verification        0 B                0 B
Γö£ ╞Æ /api/auth/send-verification-email    0 B                0 B
Γö£ ╞Æ /api/contact                         0 B                0 B
Γö£ ╞Æ /api/contracts/assign                0 B                0 B
Γö£ ╞Æ /api/contracts/complete-review       0 B                0 B
Γö£ ╞Æ /api/contracts/delete                0 B                0 B
Γö£ ╞Æ /api/contracts/update-status         0 B                0 B
Γö£ ╞Æ /api/contracts/upload                0 B                0 B
Γö£ ╞Æ /api/email-config                    0 B                0 B
Γö£ ╞Æ /api/emails/send-notification        0 B                0 B
Γö£ ╞Æ /api/health                          0 B                0 B
Γö£ ╞Æ /api/kyc/verify                      0 B                0 B
Γö£ ╞Æ /api/paystack/initialize             0 B                0 B
Γö£ ╞Æ /api/paystack/verify                 0 B                0 B
Γö£ ╞Æ /api/paystack/webhook                0 B                0 B
Γö£ ╞Æ /api/profiles/ensure                 0 B                0 B
Γö£ ╞Æ /api/test-email                      0 B                0 B
Γö£ ╞Æ /auth/callback                       0 B                0 B
Γö£ Γùï /auth/reset-password-confirm         1.97 kB         204 kB
Γö£ Γùï /auth/verify-email                   2.29 kB         204 kB
Γö£ Γùï /contact                             2.31 kB         204 kB
Γö£ Γùï /dashboard                           182 kB          384 kB
Γö£ Γùï /disclaimer                          1.43 kB         198 kB
Γö£ Γùï /faqs                                2.35 kB         199 kB
Γö£ Γùï /kyc                                 26.3 kB         228 kB
Γö£ Γùï /lawyer                              4.53 kB         207 kB
Γö£ Γùï /login                               3.45 kB         206 kB
Γö£ Γùï /pricing                             2.68 kB         200 kB
Γö£ Γùï /privacy                             1.22 kB         198 kB
Γö£ Γùï /reset-password                      1.39 kB         203 kB
Γö£ Γùï /robots.txt                          0 B                0 B
Γö£ Γùï /services                            1.24 kB         198 kB
Γö£ Γùï /signup                              2.68 kB         205 kB
Γö£ Γùï /sitemap.xml                         0 B                0 B
Γöö Γùï /terms                               1.12 kB         198 kB
+ First Load JS shared by all            87.6 kB
  Γö£ chunks/117-3154055e5063b7cb.js       31.9 kB
  Γö£ chunks/fd9d1056-b15fb1c28d34dbdf.js  53.6 kB
  Γöö other shared chunks (total)          2.06 kB


╞Æ Middleware                             74.5 kB

Γùï  (Static)   prerendered as static content
╞Æ  (Dynamic)  server-rendered on demand

